// Jest Snapshot v1, https://goo.gl/fbAQLP

exports[`pruebas en <PrimeraApp /> debe de mostrar <PrimeraApp /> correctamente 1`] = `
<Fragment>
  <h1>
     
    Hola, soy goku
    !!!? 
  </h1>
  <p>
    Mi primera aplicaci√≥n
  </p>
</Fragment>
`;
